======================================================================
SecureFL-IDS Experiment (30 rounds for convergence)
======================================================================
Configuration: 5 clients, 30 rounds, 10000 samples


[1/2] Running Baseline (Saklani et al. 2026)...
----------------------------------------------------------------------
Setting up baseline FL-IDS with 5 clients...
Setup complete. Features: 20, Test samples: 1000

Training baseline FL-IDS for 30 rounds...
Round 1/30 | Acc: 0.2000 | F1: 0.3333 | Comm: 1.83 MB | Time: 0.99s
Round 10/30 | Acc: 0.2090 | F1: 0.3359 | Comm: 1.83 MB | Time: 0.17s
Round 20/30 | Acc: 0.7170 | F1: 0.2331 | Comm: 1.83 MB | Time: 0.17s
Round 30/30 | Acc: 0.7930 | F1: 0.0190 | Comm: 1.83 MB | Time: 0.17s

Training complete!

[2/2] Running Improved (SecureFL-IDS)...
----------------------------------------------------------------------
Setting up SecureFL-IDS with 5 clients...
Setup complete. Features: 20, Test samples: 1000
Communication efficient: True (compression: 0.5)

Training SecureFL-IDS for 30 rounds...
Round 1/30 | Acc: 0.2000 | F1: 0.3333 | Comm: 3.12 MB | Time: 0.35s
Round 10/30 | Acc: 0.2000 | F1: 0.3333 | Comm: 3.12 MB | Time: 0.32s
Round 20/30 | Acc: 0.7570 | F1: 0.1099 | Comm: 3.12 MB | Time: 0.31s
Round 30/30 | Acc: 0.8000 | F1: 0.0000 | Comm: 3.12 MB | Time: 0.31s

Training complete!

======================================================================
EXPERIMENT RESULTS (30 rounds)
======================================================================
Metric                         Baseline        Improved        Δ         
----------------------------------------------------------------------
accuracy                           0.7930         0.8000        0.9%
f1_score                           0.0190         0.0000     -100.0%
avg_communication_cost               1.83 MB         3.12 MB     70.6%

Results saved to: results/baseline/, results/improved/, results/comparison/
======================================================================
