======================================================================
SecureFL-IDS Pilot Experiment
======================================================================
Quick test with 3 clients, 10 rounds, 1000 samples


[1/2] Running Baseline (Saklani et al. 2026)...
----------------------------------------------------------------------
Setting up baseline FL-IDS with 3 clients...
Setup complete. Features: 20, Test samples: 1000

Training baseline FL-IDS for 10 rounds...
Round 1/10 | Acc: 0.1990 | F1: 0.3308 | Comm: 1.10 MB | Time: 0.87s
Round 10/10 | Acc: 0.4000 | F1: 0.3135 | Comm: 1.10 MB | Time: 0.12s

Training complete!

[2/2] Running Improved (SecureFL-IDS)...
----------------------------------------------------------------------
Setting up SecureFL-IDS with 3 clients...
Setup complete. Features: 20, Test samples: 1000
Communication efficient: True (compression: 0.5)

Training SecureFL-IDS for 10 rounds...
Round 1/10 | Acc: 0.8000 | F1: 0.0000 | Comm: 1.87 MB | Time: 0.24s
Round 10/10 | Acc: 0.8000 | F1: 0.0000 | Comm: 1.87 MB | Time: 0.22s

Training complete!

======================================================================
PILOT RESULTS SUMMARY
======================================================================
Metric                         Baseline        Improved        Δ         
----------------------------------------------------------------------
accuracy                           0.4000         0.8000      100.0%
f1_score                           0.3135         0.0000     -100.0%
avg_communication_cost               1.10 MB         1.87 MB     70.6%

Results saved to: results/pilot/pilot_results.json
======================================================================
